
--- TESTING MODE: GPT_ONLY ---
[AUTONOMOUS ENGINE v6.0] [MODE: GPT_ONLY] Planificando objetivo: Say hello
Caught expected exception (network/auth/parsing): FATAL: Failed to parse plan. Raw output: Hello!...

--- TESTING MODE: KIMI_ONLY ---
[AUTONOMOUS ENGINE v6.0] [MODE: KIMI_ONLY] Planificando objetivo: Say hello
Caught expected exception (network/auth/parsing): FATAL: Planner (KIMI) failed. Error executing Kimi: [KIMI_INTEGRATION] INFO: Sending request to Kimi API (Model: moonshot-v1-8k)
[KIMI_INTEGRATION] INFO: HTTP Request: POST https://api.moonshot.cn/v1/chat/completions "HTTP/1.1 200 OK"
Traceback (most recent call last):
  File "E:\ANTIGRAVITY PROYECTOS\SKILLS-maestro-senior-main\SKILLS-maestro-senior\scripts\kimi_integration.py", line 132, in <module>
    main()
    ~~~~^^
  File "E:\ANTIGRAVITY PROYECTOS\SKILLS-maestro-senior-main\SKILLS-maestro-senior\scripts\kimi_integration.py", line 129, in main
    print(response)
    ~~~~~^^^^^^^^^^
  File "C:\Python314\Lib\encodings\cp1252.py", line 19, in encode
    return codecs.charmap_encode(input,self.errors,encoding_table)[0]
           ~~~~~~~~~~~~~~~~~~~~~^^^^^^^^^^^^^^^^^^^^^^^^^^^^^^^^^^
UnicodeEncodeError: 'charmap' codec can't encode character '\U0001f60a' in position 13: character maps to <undefined>


--- TESTING MODE: AUTO ---
[AUTONOMOUS ENGINE v6.0] [MODE: AUTO] Planificando objetivo: Say hello
Caught expected exception (network/auth/parsing): FATAL: Failed to parse plan. Raw output: Hello!...
